# Model Technology ModelSim - Intel FPGA Edition vlog 2020.1 Compiler 2020.02 Feb 28 2020
# Start time: 22:54:08 on Jan 03,2026
# vlog -sv "+define+UVM_NO_DPI" "+incdir+C:/intelFPGA/20.1/modelsim_ase/verilog_src/uvm-1.2/src" C:/intelFPGA/20.1/modelsim_ase/verilog_src/uvm-1.2/src/uvm_pkg.sv 
# -- Compiling package uvm_pkg (uvm-1.2 Built-in)
# ** Warning: C:/intelFPGA/20.1/modelsim_ase/verilog_src/uvm-1.2/src/seq/uvm_sequencer_base.svh(1499): (vlog-2186) SystemVerilog testbench feature
# (randomization, coverage or assertion) detected in the design.
# These features are only supported in Questasim.
# ** Warning: C:/intelFPGA/20.1/modelsim_ase/verilog_src/uvm-1.2/src/seq/uvm_sequencer_base.svh(1662): (vlog-2186) SystemVerilog testbench feature
# (randomization, coverage or assertion) detected in the design.
# These features are only supported in Questasim.
# ** Warning: C:/intelFPGA/20.1/modelsim_ase/verilog_src/uvm-1.2/src/seq/uvm_sequence_base.svh(1333): (vlog-2186) SystemVerilog testbench feature
# (randomization, coverage or assertion) detected in the design.
# These features are only supported in Questasim.
# 
# Top level modules:
# 	--none--
# End time: 22:54:09 on Jan 03,2026, Elapsed time: 0:00:01
# Errors: 0, Warnings: 3
# Model Technology ModelSim - Intel FPGA Edition vlog 2020.1 Compiler 2020.02 Feb 28 2020
# Start time: 22:54:09 on Jan 03,2026
# vlog -sv "+define+UVM_NO_DPI" "+incdir+C:/intelFPGA/20.1/modelsim_ase/verilog_src/uvm-1.2/src" -f filelist.f 
# -- Compiling package dma_pkg
# -- Compiling module dma_regs_axil
# -- Importing package dma_pkg
# -- Compiling module dma_engine_axi
# -- Compiling module top_soc_dut
# -- Compiling interface clk_rst_if
# -- Compiling interface axil_if
# -- Compiling interface axi_if
# -- Compiling interface irq_if
# -- Compiling interface mem_bkdr_if
# -- Compiling module axi_mem_model
# -- Compiling package tb_pkg
# -- Importing package uvm_pkg (uvm-1.2 Built-in)
# -- Compiling module tb_top
# -- Importing package tb_pkg
# 
# Top level modules:
# 	tb_top
# End time: 22:54:09 on Jan 03,2026, Elapsed time: 0:00:00
# Errors: 0, Warnings: 0
